../Core/Src/main.c:69:5:main	8	static
../Core/Src/main.c:119:6:SystemClock_Config	72	static
../Core/Src/main.c:156:13:MX_TIM2_Init	32	static
../Core/Src/main.c:201:13:MX_GPIO_Init	32	static
../Core/Src/main.c:228:6:HAL_TIM_PeriodElapsedCallback	16	static
../Core/Src/main.c:231:6:Display_Led1	8	static
../Core/Src/main.c:234:6:Display_Led2	8	static
../Core/Src/main.c:237:6:Display_Led3	8	static
../Core/Src/main.c:240:6:Display_Led4	8	static
../Core/Src/main.c:243:6:Display_Led5	8	static
../Core/Src/main.c:252:6:Error_Handler	4	static,ignoring_inline_asm
